
> build
> vite build

[36mvite v6.4.2 [32mbuilding for production...[36m[39m
transforming...
node.exe : 
At line:1 char:1
+ & "C:\Program Files\nodejs/node.exe" "C:\Program Files\nodejs/node_mo ...
+ ~~~~~~~~~~~~~~~~~~~~~~~~~~~~~~~~~~~~~~~~~~~~~~~~~~~~~~~~~~~~~~~~~~~~~
    + CategoryInfo          : NotSpecified: (:String) [], RemoteException
    + FullyQualifiedErrorId : NativeCommandError
 
/images/maps/village_base_v2.png referenced in /images/maps/village_base_v2.png didn't resolve at build time, it will 
remain unchanged to be resolved at runtime
[32mÔ£ô[39m 2451 modules transformed.
rendering chunks...
computing gzip size...
[2mpublic/build/[22m[32mmanifest.json                        [39m[1m[2m 10.88 kB[22m[1m[22m[2m Ôöé gzip:   1.32 kB[22m
[2mpublic/build/[22m[35massets/app-CjBB3aJe.css              [39m[1m[2m135.24 kB[22m[1m[22m[2m Ôöé gzip:  20.70 kB[22m
[2mpublic/build/[22m[36massets/loader-circle-DXzUp0Za.js     [39m[1m[2m  0.31 kB[22m[1m[22m[2m Ôöé gzip:   0.26 kB[22m
[2mpublic/build/[22m[36massets/text-link-CZYU62SJ.js         [39m[1m[2m  0.37 kB[22m[1m[22m[2m Ôöé gzip:   0.26 kB[22m
[2mpublic/build/[22m[36massets/shield-Cclez9oe.js            [39m[1m[2m  0.44 kB[22m[1m[22m[2m Ôöé gzip:   0.33 kB[22m
[2mpublic/build/[22m[36massets/users-DBQ_xM-8.js             [39m[1m[2m  0.48 kB[22m[1m[22m[2m Ôöé gzip:   0.33 kB[22m
[2mpublic/build/[22m[36massets/label-A6lCKVig.js             [39m[1m[2m  0.78 kB[22m[1m[22m[2m Ôöé gzip:   0.49 kB[22m
[2mpublic/build/[22m[36massets/card-BjeCuthl.js              [39m[1m[2m  1.03 kB[22m[1m[22m[2m Ôöé gzip:   0.39 kB[22m
[2mpublic/build/[22m[36massets/verify-email-D-guPt_l.js      [39m[1m[2m  1.07 kB[22m[1m[22m[2m Ôöé gzip:   0.61 kB[22m
[2mpublic/build/[22m[36massets/index-BGFZZWzV.js             [39m[1m[2m  1.07 kB[22m[1m[22m[2m Ôöé gzip:   0.64 kB[22m
[2mpublic/build/[22m[36massets/confirm-password-D2tZGf-e.js  [39m[1m[2m  1.25 kB[22m[1m[22m[2m Ôöé gzip:   0.65 kB[22m
[2mpublic/build/[22m[36massets/auth-layout-L6007kUS.js       [39m[1m[2m  1.33 kB[22m[1m[22m[2m Ôöé gzip:   0.63 kB[22m
[2mpublic/build/[22m[36massets/EventBus-BAplKi0d.js          [39m[1m[2m  1.35 kB[22m[1m[22m[2m Ôöé gzip:   0.66 kB[22m
[2mpublic/build/[22m[36massets/forgot-password-Cq6qkPZh.js   [39m[1m[2m  1.50 kB[22m[1m[22m[2m Ôöé gzip:   0.77 kB[22m
[2mpublic/build/[22m[36massets/layout-CjIrcfTV.js            [39m[1m[2m  1.59 kB[22m[1m[22m[2m Ôöé gzip:   0.69 kB[22m
[2mpublic/build/[22m[36massets/StateManager-951aJDVM.js      [39m[1m[2m  1.72 kB[22m[1m[22m[2m Ôöé gzip:   0.81 kB[22m
[2mpublic/build/[22m[36massets/reset-password-Ck8SgCxk.js    [39m[1m[2m  2.00 kB[22m[1m[22m[2m Ôöé gzip:   0.75 kB[22m
[2mpublic/build/[22m[36massets/dialog-B9_WYVxp.js            [39m[1m[2m  2.05 kB[22m[1m[22m[2m Ôöé gzip:   0.83 kB[22m
[2mpublic/build/[22m[36massets/register-Cx4SsX4S.js          [39m[1m[2m  2.49 kB[22m[1m[22m[2m Ôöé gzip:   0.93 kB[22m
[2mpublic/build/[22m[36massets/appearance-CSVWJ3Fd.js        [39m[1m[2m  2.62 kB[22m[1m[22m[2m Ôöé gzip:   1.12 kB[22m
[2mpublic/build/[22m[36massets/password-Bp-FUeyd.js          [39m[1m[2m  2.67 kB[22m[1m[22m[2m Ôöé gzip:   0.99 kB[22m
[2mpublic/build/[22m[36massets/manual-6dxhGyZQ.js            [39m[1m[2m  3.40 kB[22m[1m[22m[2m Ôöé gzip:   1.26 kB[22m
[2mpublic/build/[22m[36massets/ranking-XZh7m279.js           [39m[1m[2m  4.12 kB[22m[1m[22m[2m Ôöé gzip:   1.57 kB[22m
[2mpublic/build/[22m[36massets/profile-CBw5TO30.js           [39m[1m[2m  4.66 kB[22m[1m[22m[2m Ôöé gzip:   1.78 kB[22m
[2mpublic/build/[22m[36massets/index-qgyVHb3W.js             [39m[1m[2m  5.00 kB[22m[1m[22m[2m Ôöé gzip:   2.12 kB[22m
[2mpublic/build/[22m[36massets/login-Cu8An3ko.js             [39m[1m[2m  5.15 kB[22m[1m[22m[2m Ôöé gzip:   2.23 kB[22m
[2mpublic/build/[22m[36massets/mapa-D0PoGxV4.js              [39m[1m[2m  9.37 kB[22m[1m[22m[2m Ôöé gzip:   3.39 kB[22m
[2mpublic/build/[22m[36massets/AttackModal-DsqcS2CH.js       [39m[1m[2m 11.92 kB[22m[1m[22m[2m Ôöé gzip:   4.16 kB[22m
[2mpublic/build/[22m[36massets/transition-zT7ifNGO.js        [39m[1m[2m 14.33 kB[22m[1m[22m[2m Ôöé gzip:   5.67 kB[22m
[2mpublic/build/[22m[36massets/app-logo-icon-Ckv_OzWD.js     [39m[1m[2m 26.35 kB[22m[1m[22m[2m Ôöé gzip:   9.26 kB[22m
[2mpublic/build/[22m[36massets/index-CVeY-bGi.js             [39m[1m[2m 28.60 kB[22m[1m[22m[2m Ôöé gzip:   8.17 kB[22m
[2mpublic/build/[22m[36massets/welcome-Cbo3tsuW.js           [39m[1m[2m 48.40 kB[22m[1m[22m[2m Ôöé gzip:   8.85 kB[22m
[2mpublic/build/[22m[36massets/dashboard-DoEXFofR.js         [39m[1m[2m 79.42 kB[22m[1m[22m[2m Ôöé gzip:  22.17 kB[22m
[2mpublic/build/[22m[36massets/app-layout-BHbtw-AR.js        [39m[1m[2m116.73 kB[22m[1m[22m[2m Ôöé gzip:  36.28 kB[22m
[2mpublic/build/[22m[36massets/app-Cz5PRe57.js               [39m[1m[2m463.78 kB[22m[1m[22m[2m Ôöé gzip: 152.81 kB[22m
[32mÔ£ô built in 12.68s[39m
